// Jest Snapshot v1, https://goo.gl/fbAQLP

exports[`reduce function [1, 2, 3, 4, 5] |> reduce(sum) === 15 1`] = `15`;

exports[`reduce function [1, 2, 3, 4, 5] |> reduce(sum, 0) === 15 1`] = `15`;

exports[`reduce function is a pure function 1`] = `
Array [
  1,
  2,
  3,
  4,
  5,
]
`;
