// Vitest Snapshot v1, https://vitest.dev/guide/snapshot.html

exports[`chainFn function > by function with links 1`] = `"2/4"`;

exports[`chainFn function > log chainFn > with array 1`] = `"2/4"`;
