// Vitest Snapshot v1, https://vitest.dev/guide/snapshot.html

exports[`filter function > is a pure function 1`] = `
[
  1,
  2,
  3,
  4,
  5,
]
`;

exports[`filter function > keep even [1, 2, 3, 4, 5] |> filter === [2, 4] 1`] = `
[
  2,
  4,
]
`;
