// Vitest Snapshot v1, https://vitest.dev/guide/snapshot.html

exports[`isNull function > is a pure function 1`] = `
[
  1,
  2,
  3,
  4,
  5,
]
`;
