// Vitest Snapshot v1, https://vitest.dev/guide/snapshot.html

exports[`isString function > is a pure function 1`] = `"abba"`;
