// Jest Snapshot v1, https://goo.gl/fbAQLP

exports[`every function [1, 2, 3, 4, 5] |> every === true 1`] = `true`;

exports[`every function is a pure function 1`] = `
Array [
  1,
  2,
  3,
  4,
  5,
]
`;
