// Vitest Snapshot v1, https://vitest.dev/guide/snapshot.html

exports[`isNumber function > is a pure function 1`] = `1`;
