// Jest Snapshot v1, https://goo.gl/fbAQLP

exports[`isBoolean function is a pure function 1`] = `true`;
