// Jest Snapshot v1, https://goo.gl/fbAQLP

exports[`split function is a pure function 1`] = `"a/b/cd"`;
