// Vitest Snapshot v1, https://vitest.dev/guide/snapshot.html

exports[`toObject function > [['a', 1], ['b', 'c']] |> toObject(item => item[0], item => item[1]) === {a: 1, b: 'c'} 1`] = `
{
  "a": 1,
  "b": "c",
}
`;

exports[`toObject function > is a pure function 1`] = `
[
  [
    "a",
    1,
  ],
  [
    "b",
    "c",
  ],
]
`;
