// Jest Snapshot v1, https://goo.gl/fbAQLP

exports[`isNull function is a pure function 1`] = `
Array [
  1,
  2,
  3,
  4,
  5,
]
`;
