// Jest Snapshot v1, https://goo.gl/fbAQLP

exports[`isNumber function is a pure function 1`] = `1`;
