// Vitest Snapshot v1, https://vitest.dev/guide/snapshot.html

exports[`values function > { a: 1, b: 2, c: 3 } |> values === [1, 2, 3] 1`] = `
[
  1,
  2,
  3,
]
`;

exports[`values function > {} |> values === [] 1`] = `[]`;

exports[`values function > is a pure function 1`] = `
{
  "a": 1,
  "b": 2,
  "c": 3,
}
`;
